app.css
app.js
routes.js
3rdparty/formatter.min.js
util/template_util.js
util/url_util.js
util/date_util.js
util/dom.js
util/http.js
util/cookie.js
views/error/error.html
views/error/error.js
views/metric-list/metric-list.css
views/metric-list/metric-list.html
views/metric-list/metric-list.js
views/metric-list/metric_list_table.js
views/metric-detail/metric_detail.css
views/metric-detail/metric_detail.html
views/metric-detail/metric_detail.js
views/metric-detail/metric_detail_config.js
widgets/dropdown/dropdown.js
widgets/dropdown/dropdown.css
widgets/f-timerange-picker/f-timerange-picker-widget.js
widgets/f-timerange-picker/f-timerange-picker-calendar.js
widgets/f-timerange-picker/f-timerange-picker.js
widgets/f-timerange-picker/f-timerange-picker.html
widgets/f-timerange-picker/f-timerange-picker.css
widgets/filter/filter.js
embed/chart/chart.js
embed/chart/chart.css
embed/chart/chart_plotter_linear_domain.js
embed/chart/chart_plot.js
embed/chart/chart_query_manager.js
embed/top_series/top_series.js
embed/top_series/top_series_table.js
embed/top_series/top_series_sparkline_plot.js
embed/top_series/top_series_sparkline_domain.js
embed/top_series/top_series.css
embed/svg_helper.js
embed/units.js
