app.css
app.js
util/template_util.js
util/f-table_util.js
util/url_util.js
util/date_util.js
util/dom_util.js
util/http.js
widgets/f-table/f-table.js
widgets/sparkline/z-sparkline.js
widgets/sparkline/z-sparkline.html
widgets/sparkline/z-sparkline.css
widgets/dropdown/dropdown.js
widgets/dropdown/dropdown.css
widgets/f-timerange-picker/f-timerange-picker-widget.js
widgets/f-timerange-picker/f-timerange-picker-calendar.js
widgets/f-timerange-picker/f-timerange-picker.js
widgets/f-timerange-picker/f-timerange-picker.html
widgets/f-timerange-picker/f-timerange-picker.css
widgets/popup/popup.css
widgets/popup/popup.js
widgets/f-tabbable/f-tabbable.css
widgets/f-tabbable/f-tabbable.js
widgets/embed-popup/embed_popup.html
widgets/embed-popup/embed_popup.css
widgets/embed-popup/embed_popup.js
3rdparty/formatter.min.js
3rdparty/dygraph-combined.min.js
views/error/error.html
views/error/error.js
views/metric-list/metric-list.css
views/metric-list/metric-list.html
views/metric-list/metric-list.js
views/metric-series-list/metric-series-list.css
views/metric-series-list/metric-series-list.html
views/metric-series-list/metric-series-list-table.js
views/metric-series-list/metric-series-list-table.css
views/metric-series-list/metric-series-list-chart.js
views/metric-series-list/metric-series-list-chart.css
views/metric-series-list/metric-series-list.js
views/metric-serie/metric-serie.css
views/metric-serie/metric-serie.html
views/metric-serie/metric-serie.js
views/metric-serie/metric-serie-table.html
views/metric-serie/metric-serie-table.js
views/metric-serie/metric-serie-timeseries.html
views/metric-serie/metric-serie-timeseries.js

