app.css
app.js
util/template_util.js
util/f-table_util.js
util/url_util.js
util/dom_util.js
util/http.js
widgets/f-table/f-table.js
widgets/dropdown/dropdown.css
widgets/dropdown/dropdown.js
widgets/popup/popup.css
widgets/popup/popup.js
widgets/embed-popup/embed_popup.html
widgets/embed-popup/embed_popup.js
3rdparty/dygraph-combined.js
views/error/error.html
views/error/error.js
views/metric-list/metric-list.css
views/metric-list/metric-list.html
views/metric-list/metric-list.js
views/metric-sensor/metric-sensor.html
views/metric-sensor/metric-sensor.css
views/metric-sensor/metric-sensor.js
views/metric-series-list/metric-series-list-table.html
views/metric-series-list/metric-series-list-table.js
views/metric-series-list/metric-series-list-chart.html
views/metric-series-list/metric-series-list-chart.js
views/metric-series-list/filter.html
views/metric-series-list/filter.js
views/metric-series-list/view_config.js
views/metric-series-list/metric-series-list.css
views/metric-series-list/metric-series-list.html
views/metric-series-list/metric-series-list.js
